Welcome to the world of MtmChkin!!!
Please enter team size: (2-6)
Please insert the player name and class: 
Please insert the player name and class: 

-------------------------------------------
Start of round 1:

Start of Jimmy's turn: 
Player Jimmy has been defeated by a Dragon.
Start of Pikachu's turn: 
Player Pikachu has been defeated by a Dragon.
The Game has ended!!!

The current ranking of the Team:
Ranking    Player Name     Level     Force HP    Coins Job
1          Pikachu         1         5     0     10    Warrior  
2          Jimmy           1         5     0     10    Healer  
