Welcome to the world of MtmChkin!!!
Please enter team size: (2-6)
Please insert the player name and class: 
Please insert the player name and class: 

-------------------------------------------
Start of round 1:

Start of Itay's turn: 
Player Itay has defeated Gremlin and rose 1 Level!
Start of Pikachu's turn: 
Player Pikachu has defeated Gremlin and rose 1 Level!

The current ranking of the Team:
Ranking    Player Name     Level     Force HP    Coins Job
1          Itay            2         5     100   12    Healer  
2          Pikachu         2         5     100   14    Ninja  

-------------------------------------------
Start of round 2:

Start of Itay's turn: 
Player Itay has defeated Gremlin and rose 1 Level!
Start of Pikachu's turn: 
Player Pikachu has defeated Gremlin and rose 1 Level!

The current ranking of the Team:
Ranking    Player Name     Level     Force HP    Coins Job
1          Itay            3         5     100   14    Healer  
2          Pikachu         3         5     100   18    Ninja  

-------------------------------------------
Start of round 3:

Start of Itay's turn: 
Player Itay has defeated Gremlin and rose 1 Level!
Start of Pikachu's turn: 
Player Pikachu has defeated Gremlin and rose 1 Level!

The current ranking of the Team:
Ranking    Player Name     Level     Force HP    Coins Job
1          Itay            4         5     100   16    Healer  
2          Pikachu         4         5     100   22    Ninja  

-------------------------------------------
Start of round 4:

Start of Itay's turn: 
Player Itay has defeated Gremlin and rose 1 Level!
Start of Pikachu's turn: 
Player Pikachu has defeated Gremlin and rose 1 Level!

The current ranking of the Team:
Ranking    Player Name     Level     Force HP    Coins Job
1          Itay            5         5     100   18    Healer  
2          Pikachu         5         5     100   26    Ninja  

-------------------------------------------
Start of round 5:

Start of Itay's turn: 
Player Itay has defeated Gremlin and rose 1 Level!
Start of Pikachu's turn: 
Player Pikachu has defeated Gremlin and rose 1 Level!

The current ranking of the Team:
Ranking    Player Name     Level     Force HP    Coins Job
1          Itay            6         5     100   20    Healer  
2          Pikachu         6         5     100   30    Ninja  

-------------------------------------------
Start of round 6:

Start of Itay's turn: 
Player Itay has defeated Gremlin and rose 1 Level!
Start of Pikachu's turn: 
Player Pikachu has defeated Gremlin and rose 1 Level!

The current ranking of the Team:
Ranking    Player Name     Level     Force HP    Coins Job
1          Itay            7         5     100   22    Healer  
2          Pikachu         7         5     100   34    Ninja  

-------------------------------------------
Start of round 7:

Start of Itay's turn: 
Player Itay has defeated Gremlin and rose 1 Level!
Start of Pikachu's turn: 
Player Pikachu has defeated Gremlin and rose 1 Level!

The current ranking of the Team:
Ranking    Player Name     Level     Force HP    Coins Job
1          Itay            8         5     100   24    Healer  
2          Pikachu         8         5     100   38    Ninja  

-------------------------------------------
Start of round 8:

Start of Itay's turn: 
Player Itay has defeated Gremlin and rose 1 Level!
Start of Pikachu's turn: 
Player Pikachu has defeated Gremlin and rose 1 Level!

The current ranking of the Team:
Ranking    Player Name     Level     Force HP    Coins Job
1          Itay            9         5     100   26    Healer  
2          Pikachu         9         5     100   42    Ninja  

-------------------------------------------
Start of round 9:

Start of Itay's turn: 
Player Itay has defeated Gremlin and rose 1 Level!
Start of Pikachu's turn: 
Player Pikachu has defeated Gremlin and rose 1 Level!
The Game has ended!!!

The current ranking of the Team:
Ranking    Player Name     Level     Force HP    Coins Job
1          Itay            10        5     100   28    Healer  
2          Pikachu         10        5     100   46    Ninja  
