Welcome to the world of MtmChkin!!!
Please enter team size: (2-6)
Please insert the player name and class: 
Please insert the player name and class: 

-------------------------------------------
Start of round 1:

Start of Itay's turn: 
Player Itay has defeated Witch and rose 1 Level!
Start of Pikachu's turn: 
Player Pikachu has been defeated by a Witch.

The current ranking of the Team:
Ranking    Player Name     Level     Force HP    Coins Job
1          Itay            2         5     100   12    Warrior  
2          Pikachu         1         4     90    10    Ninja  

-------------------------------------------
Start of round 2:

Start of Itay's turn: 
Player Itay has defeated Witch and rose 1 Level!
Start of Pikachu's turn: 
Player Pikachu has been defeated by a Witch.

The current ranking of the Team:
Ranking    Player Name     Level     Force HP    Coins Job
1          Itay            3         5     100   14    Warrior  
2          Pikachu         1         3     80    10    Ninja  

-------------------------------------------
Start of round 3:

Start of Itay's turn: 
Player Itay has defeated Witch and rose 1 Level!
Start of Pikachu's turn: 
Player Pikachu has been defeated by a Witch.

The current ranking of the Team:
Ranking    Player Name     Level     Force HP    Coins Job
1          Itay            4         5     100   16    Warrior  
2          Pikachu         1         2     70    10    Ninja  

-------------------------------------------
Start of round 4:

Start of Itay's turn: 
Player Itay has defeated Witch and rose 1 Level!
Start of Pikachu's turn: 
Player Pikachu has been defeated by a Witch.

The current ranking of the Team:
Ranking    Player Name     Level     Force HP    Coins Job
1          Itay            5         5     100   18    Warrior  
2          Pikachu         1         1     60    10    Ninja  

-------------------------------------------
Start of round 5:

Start of Itay's turn: 
Player Itay has defeated Witch and rose 1 Level!
Start of Pikachu's turn: 
Player Pikachu has been defeated by a Witch.

The current ranking of the Team:
Ranking    Player Name     Level     Force HP    Coins Job
1          Itay            6         5     100   20    Warrior  
2          Pikachu         1         0     50    10    Ninja  

-------------------------------------------
Start of round 6:

Start of Itay's turn: 
Player Itay has defeated Witch and rose 1 Level!
Start of Pikachu's turn: 
Player Pikachu has been defeated by a Witch.

The current ranking of the Team:
Ranking    Player Name     Level     Force HP    Coins Job
1          Itay            7         5     100   22    Warrior  
2          Pikachu         1         0     40    10    Ninja  

-------------------------------------------
Start of round 7:

Start of Itay's turn: 
Player Itay has defeated Witch and rose 1 Level!
Start of Pikachu's turn: 
Player Pikachu has been defeated by a Witch.

The current ranking of the Team:
Ranking    Player Name     Level     Force HP    Coins Job
1          Itay            8         5     100   24    Warrior  
2          Pikachu         1         0     30    10    Ninja  

-------------------------------------------
Start of round 8:

Start of Itay's turn: 
Player Itay has defeated Witch and rose 1 Level!
Start of Pikachu's turn: 
Player Pikachu has been defeated by a Witch.

The current ranking of the Team:
Ranking    Player Name     Level     Force HP    Coins Job
1          Itay            9         5     100   26    Warrior  
2          Pikachu         1         0     20    10    Ninja  

-------------------------------------------
Start of round 9:

Start of Itay's turn: 
Player Itay has defeated Witch and rose 1 Level!
Start of Pikachu's turn: 
Player Pikachu has been defeated by a Witch.

The current ranking of the Team:
Ranking    Player Name     Level     Force HP    Coins Job
1          Itay            10        5     100   28    Warrior  
2          Pikachu         1         0     10    10    Ninja  

-------------------------------------------
Start of round 10:

Start of Pikachu's turn: 
Player Pikachu has been defeated by a Witch.
The Game has ended!!!

The current ranking of the Team:
Ranking    Player Name     Level     Force HP    Coins Job
1          Itay            10        5     100   28    Warrior  
2          Pikachu         1         0     0     10    Ninja  
